[index] 194 contigs, 3099850558 bases (with padding) loaded in 12.6 s
[index] q=15 s=1 dir_bits=28, 2948610883 entries, built in 92.6 s
[index] written to idx/grch38.s1q15.cidx in 9.0 s
	Command being timed: "./certa-sl/certa/build/certa index idx/ref.fa -o idx/grch38.s1q15.cidx -q 15 -s 1 -t 48"
	User time (seconds): 539.91
	System time (seconds): 83.90
	Percent of CPU this job got: 535%
	Elapsed (wall clock) time (h:mm:ss or m:ss): 1:56.45
	Average shared text size (kbytes): 0
	Average unshared data size (kbytes): 0
	Average stack size (kbytes): 0
	Average total size (kbytes): 0
	Maximum resident set size (kbytes): 83653716
	Average resident set size (kbytes): 0
	Major (requiring I/O) page faults: 0
	Minor (reclaiming a frame) page faults: 53784824
	Voluntary context switches: 9102
	Involuntary context switches: 284131
	Swaps: 0
	File system inputs: 6155168
	File system outputs: 44802776
	Socket messages sent: 0
	Socket messages received: 0
	Signals delivered: 0
	Page size (bytes): 4096
	Exit status: 0
